# Parted

Select the hard disk to be parted
When you execute parted command without any argument, by default it selects the first hard disk drive that is available on your system.

In the following example, it picked /dev/sda automatically as it is the first hard drive in this system.
```
# parted
GNU Parted 2.3
Using /dev/sda
Welcome to GNU Parted! Type 'help' to view a list of
commands.
(parted)
To choose a different hard disk, use the select command as
shown below.
(parted) select /dev/sdb
```

It will throw the following error message when it doesnâ€™t find the given hard disk name.
```
Error: Error opening /dev/sdb: No medium found
Retry/Cancel? y
```

Display all Partitions Using print
Using the print command, you can view all the available partitions in the selected hard disk. The print command also displays hard disk properties such as model, size, sector size and partition table as shown below.

```
(parted) print
Model: ATA WDC WD5000BPVT-7 (scsi)
Disk /dev/sda: 500GB
Sector size (logical/physical): 512B/4096B
Partition Table: msdos
Number  Start   End     Size    Type      Filesystem Flags
 1      1049kB  106MB   105MB   primary   fat16      diag
 2      106MB   15.8GB  15.7GB  primary   ntfs       boot
 3      15.8GB  266GB   251GB   primary   ntfs
 4      266GB   500GB   234GB   extended
 5      266GB   269GB   2682MB  logical   ext4
 7      269GB   270GB   524MB   logical   ext4 
 8      270GB   366GB   96.8GB  logical   lvm
 6      366GB   370GB   3999MB  logical   linux-swap(v1)
 9      370GB   500GB   130GB   logical   ext4
```